[
  {
    "id": 1,
    "entry": {
      "id": 1,
      "url": "https://www.youtube.com/watch?v=C5WJXffAT4A",
      "title": "Sharing Around - YouTube",
      "thumbnail_url": "https://img.youtube.com/vi/C5WJXffAT4A/default.jpg",
      "num_of_bookmarked": 1
    }
  }
]