{
  "id": 1,
  "content": "test",
  "entry": {
    "id": 1,
    "url": "https://www.youtube.com/watch?v=C5WJXffAT4A",
    "title": "Sharing Around",
    "thumbnail_url": "https://img.youtube.com/vi/C5WJXffAT4A/default.jpg",
    "num_of_bookmarked": 1,
    "bookmarked?": false
  },
  "user": {
    "id": 1,
    "name": null,
    "image": null
  }
}