[
  {
    "id": 1,
    "url": "https://www.youtube.com/watch?v=C5WJXffAT4A",
    "title": "Sharing Around",
    "video_id": "C5WJXffAT4A",
    "thumbnail_url": "https://img.youtube.com/vi/C5WJXffAT4A/maxresdefault.jpg",
    "provider": "youtube",
    "num_of_bookmarked": 1,
    "bookmarked?": null
  }
]