{
  "data": [

  ],
  "total": 0,
  "page": 1,
  "per_page": 10,
  "page_count": 0
}