{
  "data": [
    {
      "id": 2,
      "content": "いいね",
      "user": {
        "id": 1,
        "name": null,
        "image": null
      }
    },
    {
      "id": 1,
      "content": "test",
      "user": {
        "id": 1,
        "name": null,
        "image": null
      }
    }
  ],
  "total": 2,
  "page": 1,
  "per_page": 10,
  "page_count": 1
}